<?xml version="1.0" encoding="utf-8"?><testsuites name="pytest tests"><testsuite name="pytest" errors="0" failures="0" skipped="0" tests="41" time="5.698" timestamp="2025-08-01T09:05:41.170267-05:00" hostname="Jamess-MacBook-Pro.local"><testcase classname="tests.test_fetch_data" name="test_metadata_matches_processed_count" time="0.016" /><testcase classname="tests.test_fetch_data" name="test_data_columns" time="0.013" /><testcase classname="tests.test_fetch_data" name="test_error_logging" time="0.014" /><testcase classname="tests.test_fetch_data" name="test_force_flag" time="0.274" /><testcase classname="tests.test_fetch_data" name="test_retention_cleanup" time="0.010" /><testcase classname="tests.test_fetch_data" name="test_rate_limit_handling" time="0.012" /><testcase classname="tests.test_fetch_data" name="test_full_test_mode" time="0.055" /><testcase classname="tests.test_fetch_data" name="test_dry_run_mode" time="0.038" /><testcase classname="tests.test_fetch_data" name="test_batch_processing" time="0.022" /><testcase classname="tests.test_fetch_data" name="test_cooldown_metadata" time="0.079" /><testcase classname="tests.test_fetch_data" name="test_progress_bar" time="0.013" /><testcase classname="tests.test_fetch_data" name="test_batch_error_handling" time="0.018" /><testcase classname="tests.test_fetch_tickers" name="test_config_loading" time="0.008" /><testcase classname="tests.test_fetch_tickers" name="test_metadata_validation" time="0.011" /><testcase classname="tests.test_fetch_tickers" name="test_diff_log_creation" time="0.012" /><testcase classname="tests.test_fetch_tickers" name="test_retention_cleanup" time="0.010" /><testcase classname="tests.test_fetch_tickers" name="test_rate_limit_handling" time="0.010" /><testcase classname="tests.test_fetch_tickers" name="test_mock_api_failure" time="3.020" /><testcase classname="tests.test_fetch_tickers" name="test_full_test_mode" time="0.019" /><testcase classname="tests.test_fetch_tickers" name="test_dry_run_mode" time="0.015" /><testcase classname="tests.test_fetch_tickers" name="test_ticker_changes_calculation" time="0.008" /><testcase classname="tests.test_fetch_tickers" name="test_ticker_validation" time="0.010" /><testcase classname="tests.test_fetch_tickers" name="test_ticker_cleaning" time="0.010" /><testcase classname="tests.test_fetch_tickers" name="test_partition_path_creation" time="0.008" /><testcase classname="tests.test_historical_data.TestHistoricalData" name="test_historical_data_path_creation" time="0.011" /><testcase classname="tests.test_historical_data.TestHistoricalData" name="test_historical_data_save_and_load" time="0.049" /><testcase classname="tests.test_historical_data.TestHistoricalData" name="test_historical_completeness_check" time="0.049" /><testcase classname="tests.test_historical_data.TestHistoricalData" name="test_incremental_data_fetch" time="0.053" /><testcase classname="tests.test_historical_data.TestHistoricalData" name="test_data_merging" time="0.058" /><testcase classname="tests.test_historical_data.TestHistoricalData" name="test_feature_processing_with_historical" time="0.071" /><testcase classname="tests.test_historical_data" name="test_historical_data_smoke" time="0.001" /><testcase classname="tests.test_process_features" name="test_metadata_validation" time="0.002" /><testcase classname="tests.test_process_features" name="test_data_schema_validation" time="0.005" /><testcase classname="tests.test_process_features" name="test_retention_cleanup" time="0.001" /><testcase classname="tests.test_process_features" name="test_dry_run_mode" time="0.001" /><testcase classname="tests.test_process_features" name="test_test_mode" time="0.001" /><testcase classname="tests.test_process_features" name="test_new_indicators_existence" time="0.006" /><testcase classname="tests.test_process_features" name="test_column_normalization" time="0.005" /><testcase classname="tests.test_process_features" name="test_nan_handling" time="0.004" /><testcase classname="tests.test_process_features" name="test_drop_incomplete" time="0.003" /><testcase classname="tests.test_process_features" name="test_metadata_keys" time="0.001" /></testsuite></testsuites>